
> runelord@0.1.0 build
> tsc --noEmit && vite build --config apps/web/vite.config.ts

vite v7.3.6 building client environment for production...
transforming...
✓ 805 modules transformed.
rendering chunks...
computing gzip size...
../../dist/index.html                                 0.62 kB │ gzip:   0.38 kB
../../dist/assets/metal-mania-regular-Ch2tiLTQ.ttf  254.57 kB
../../dist/assets/index-CM_kS0nn.css                114.84 kB │ gzip:  25.59 kB
../../dist/assets/CanvasPool-Dt73wmt2.js              1.89 kB │ gzip:   0.83 kB
../../dist/assets/Filter-CpFMie4e.js                  2.60 kB │ gzip:   1.02 kB
../../dist/assets/canvasUtils-BBEDEOEu.js             5.71 kB │ gzip:   1.81 kB
../../dist/assets/getTexelRangeRects-BW-c837t.js     11.40 kB │ gzip:   2.99 kB
../../dist/assets/webworkerAll-C91fNl_u.js           15.50 kB │ gzip:   4.89 kB
../../dist/assets/CanvasRenderer-DsMGvevx.js         27.50 kB │ gzip:   8.15 kB
../../dist/assets/BitmapFont-Dl6bpiU5.js             33.82 kB │ gzip:  11.44 kB
../../dist/assets/browserAll-DMjvrhL7.js             44.00 kB │ gzip:  11.43 kB
../../dist/assets/RenderTargetSystem-DUMFtBai.js     54.07 kB │ gzip:  14.82 kB
../../dist/assets/WebGPURenderer-XLVrqgX_.js         55.92 kB │ gzip:  15.99 kB
../../dist/assets/WebGLRenderer-COR-Ebgj.js          73.67 kB │ gzip:  20.15 kB
../../dist/assets/index-Cgi8OOBG.js                 660.14 kB │ gzip: 213.62 kB

(!) Some chunks are larger than 500 kB after minification. Consider:
- Using dynamic import() to code-split the application
- Use build.rollupOptions.output.manualChunks to improve chunking: https://rollupjs.org/configuration-options/#output-manualchunks
- Adjust chunk size limit for this warning via build.chunkSizeWarningLimit.
✓ built in 8.85s
