
> runelord@0.1.0 build
> tsc --noEmit && vite build --config apps/web/vite.config.ts

vite v7.3.6 building client environment for production...
transforming...
✓ 803 modules transformed.
rendering chunks...
computing gzip size...
../../dist/index.html                                 0.62 kB │ gzip:   0.38 kB
../../dist/assets/metal-mania-regular-Ch2tiLTQ.ttf  254.57 kB
../../dist/assets/index-CM_kS0nn.css                114.84 kB │ gzip:  25.59 kB
../../dist/assets/CanvasPool-D-VnJu_o.js              1.89 kB │ gzip:   0.84 kB
../../dist/assets/Filter-BzJACB1X.js                  2.60 kB │ gzip:   1.02 kB
../../dist/assets/canvasUtils-BYWnCQyE.js             5.71 kB │ gzip:   1.81 kB
../../dist/assets/getTexelRangeRects-C7brWal1.js     11.40 kB │ gzip:   2.99 kB
../../dist/assets/webworkerAll-CSdsjn0Z.js           15.50 kB │ gzip:   4.89 kB
../../dist/assets/CanvasRenderer-C323LgIS.js         27.50 kB │ gzip:   8.15 kB
../../dist/assets/BitmapFont-BjYqEBcm.js             33.82 kB │ gzip:  11.44 kB
../../dist/assets/browserAll-CmUUfRn7.js             44.00 kB │ gzip:  11.43 kB
../../dist/assets/RenderTargetSystem-D1BzQfT5.js     54.07 kB │ gzip:  14.83 kB
../../dist/assets/WebGPURenderer-C9sNzetS.js         55.92 kB │ gzip:  16.00 kB
../../dist/assets/WebGLRenderer-DjSCatbh.js          73.67 kB │ gzip:  20.16 kB
../../dist/assets/index-BW9rUCqS.js                 655.59 kB │ gzip: 212.12 kB

(!) Some chunks are larger than 500 kB after minification. Consider:
- Using dynamic import() to code-split the application
- Use build.rollupOptions.output.manualChunks to improve chunking: https://rollupjs.org/configuration-options/#output-manualchunks
- Adjust chunk size limit for this warning via build.chunkSizeWarningLimit.
✓ built in 7.58s
